
C:\Users\BMC\Desktop\Transpo\frontend\src\app\admin\bookings\page.tsx
  13:44  error  Unexpected any. Specify a different type  @typescript-eslint/no-explicit-any

C:\Users\BMC\Desktop\Transpo\frontend\src\app\admin\page.tsx
  24:56  error  Unexpected any. Specify a different type  @typescript-eslint/no-explicit-any
  25:40  error  Unexpected any. Specify a different type  @typescript-eslint/no-explicit-any

C:\Users\BMC\Desktop\Transpo\frontend\src\app\bookings\page.tsx
  254:86  error  `'` can be escaped with `&apos;`, `&lsquo;`, `&#39;`, `&rsquo;`  react/no-unescaped-entities

C:\Users\BMC\Desktop\Transpo\frontend\src\app\dashboard\page.tsx
   57:52  error  Unexpected any. Specify a different type  @typescript-eslint/no-explicit-any
  171:19  error  Unexpected any. Specify a different type  @typescript-eslint/no-explicit-any

C:\Users\BMC\Desktop\Transpo\frontend\src\app\monitoring\page.tsx
  53:48  error  Unexpected any. Specify a different type  @typescript-eslint/no-explicit-any

C:\Users\BMC\Desktop\Transpo\frontend\src\components\ClientOnly.tsx
  9:5  error  Error: Calling setState synchronously within an effect can trigger cascading renders

Effects are intended to synchronize state between React and external systems such as manually updating the DOM, state management libraries, or other platform APIs. In general, the body of an effect should do one or both of the following:
* Update external systems with the latest state from React.
* Subscribe for updates from some external system, calling setState in a callback function when external state changes.

Calling setState synchronously within an effect body causes cascading renders that can hurt performance, and is not recommended. (https://react.dev/learn/you-might-not-need-an-effect).

C:\Users\BMC\Desktop\Transpo\frontend\src\components\ClientOnly.tsx:9:5
   7 |
   8 |   useEffect(() => {
>  9 |     setHasMounted(true);
     |     ^^^^^^^^^^^^^ Avoid calling setState() directly within an effect
  10 |   }, []);
  11 |
  12 |   if (!hasMounted) {  react-hooks/set-state-in-effect

C:\Users\BMC\Desktop\Transpo\frontend\src\context\AuthContext.tsx
  42:7  error  Error: Calling setState synchronously within an effect can trigger cascading renders

Effects are intended to synchronize state between React and external systems such as manually updating the DOM, state management libraries, or other platform APIs. In general, the body of an effect should do one or both of the following:
* Update external systems with the latest state from React.
* Subscribe for updates from some external system, calling setState in a callback function when external state changes.

Calling setState synchronously within an effect body causes cascading renders that can hurt performance, and is not recommended. (https://react.dev/learn/you-might-not-need-an-effect).

C:\Users\BMC\Desktop\Transpo\frontend\src\context\AuthContext.tsx:42:7
  40 |       return () => clearTimeout(timer);
  41 |     } else {
> 42 |       setIsLoading(false);
     |       ^^^^^^^^^^^^ Avoid calling setState() directly within an effect
  43 |     }
  44 |   }, []);
  45 |  react-hooks/set-state-in-effect

Γ£û 9 problems (9 errors, 0 warnings)

